[    1554ms] [INFO] %cDownload the React DevTools for a better development experience: https://reactjs.org/link/react-devtools font-weight:bold @ webpack-internal:///(app-pages-browser)/./node_modules/next/dist/compiled/react-dom/cjs/react-dom.development.js:38559
[    1944ms] [LOG] [Auth] Utilisateur connecté détecté {userId: cmt3i6d290000qn8stnmxf460, role: admin, email: admin@nexaflow.com} @ webpack-internal:///(app-pages-browser)/./src/lib/procedures/client-auth.ts:15
[    1945ms] [LOG] [Auth] Utilisateur connecté détecté {userId: cmt3i6d290000qn8stnmxf460, role: admin, email: admin@nexaflow.com} @ webpack-internal:///(app-pages-browser)/./src/lib/procedures/client-auth.ts:15
[    1967ms] [LOG] [StructureBDD] render loading @ webpack-internal:///(app-pages-browser)/./src/app/(dashboard)/structure-bdd/page.tsx:1667
[    1968ms] [LOG] [StructureBDD] render loading @ webpack-internal:///(app-pages-browser)/./src/app/(dashboard)/structure-bdd/page.tsx:1667
[    1986ms] [LOG] [StructureBDD] mount @ webpack-internal:///(app-pages-browser)/./src/app/(dashboard)/structure-bdd/page.tsx:620
[    1988ms] [LOG] [StructureBDD] loadTrees start @ webpack-internal:///(app-pages-browser)/./src/app/(dashboard)/structure-bdd/page.tsx:489
[    2012ms] [LOG] [StructureBDD] mount @ webpack-internal:///(app-pages-browser)/./src/app/(dashboard)/structure-bdd/page.tsx:620
[    2014ms] [LOG] [StructureBDD] loadTrees start @ webpack-internal:///(app-pages-browser)/./src/app/(dashboard)/structure-bdd/page.tsx:489
[    2042ms] [LOG] [Auth] Utilisateur connecté détecté {userId: cmt3i6d290000qn8stnmxf460, role: admin, email: admin@nexaflow.com} @ webpack-internal:///(app-pages-browser)/./src/lib/procedures/client-auth.ts:15
[    2043ms] [LOG] [Auth] Utilisateur connecté détecté {userId: cmt3i6d290000qn8stnmxf460, role: admin, email: admin@nexaflow.com} @ webpack-internal:///(app-pages-browser)/./src/lib/procedures/client-auth.ts:15
[    2059ms] [LOG] [StructureBDD] render loading @ webpack-internal:///(app-pages-browser)/./src/app/(dashboard)/structure-bdd/page.tsx:1667
[    2059ms] [LOG] [StructureBDD] render loading @ webpack-internal:///(app-pages-browser)/./src/app/(dashboard)/structure-bdd/page.tsx:1667
[    2066ms] [LOG] [StructureBDD] mount @ webpack-internal:///(app-pages-browser)/./src/app/(dashboard)/structure-bdd/page.tsx:620
[    2068ms] [LOG] [StructureBDD] loadTrees start @ webpack-internal:///(app-pages-browser)/./src/app/(dashboard)/structure-bdd/page.tsx:489
[    2072ms] [LOG] [StructureBDD] mount @ webpack-internal:///(app-pages-browser)/./src/app/(dashboard)/structure-bdd/page.tsx:620
[    2073ms] [LOG] [StructureBDD] loadTrees start @ webpack-internal:///(app-pages-browser)/./src/app/(dashboard)/structure-bdd/page.tsx:489
[    3431ms] [WARNING] [SQLite] OPFS SAH Pool indisponible, repli sur IndexedDB (SqlJsDb). Error: Missing required OPFS APIs.
    at sqlite3.installOpfsSAHPoolVfs (webpack-internal:///(app-pages-browser)/./node_modules/@sqlite.org/sqlite-wasm/dist/index.mjs:15637:284)
    at openPersistentDatabase (webpack-internal:///(app-pages-browser)/./src/lib/client-engine/sqlite.ts:24:44)
    at eval (webpack-internal:///(app-pages-browser)/./src/lib/client-engine/sqlite.ts:51:20) @ webpack-internal:///(app-pages-browser)/./src/lib/client-engine/sqlite.ts:30
[    3431ms] [WARNING] [SQLite] Aucun stockage OPFS persistant disponible : repli sur localStorage (les données survivront au rechargement dans la limite de stockage du navigateur). @ webpack-internal:///(app-pages-browser)/./src/lib/client-engine/sqlite.ts:34
[    3577ms] [LOG] [SQLite] Base de données locale initialisée @ webpack-internal:///(app-pages-browser)/./src/lib/client-engine/sqlite.ts:52
[    3607ms] [LOG] [VectorStore] Base de données vectorielle IndexedDB initialisée @ webpack-internal:///(app-pages-browser)/./src/lib/client-engine/vector-store.ts:92
[    3607ms] [LOG] [VectorStore] Base de données vectorielle IndexedDB initialisée @ webpack-internal:///(app-pages-browser)/./src/lib/client-engine/vector-store.ts:92
[    3607ms] [LOG] [VectorStore] Base de données vectorielle IndexedDB initialisée @ webpack-internal:///(app-pages-browser)/./src/lib/client-engine/vector-store.ts:92
[    3607ms] [LOG] [VectorStore] Base de données vectorielle IndexedDB initialisée @ webpack-internal:///(app-pages-browser)/./src/lib/client-engine/vector-store.ts:92
[    3609ms] [LOG] [JsonStore] Base de données JSON IndexedDB initialisée @ webpack-internal:///(app-pages-browser)/./src/lib/client-engine/json-store.ts:50
[    3609ms] [LOG] [JsonStore] Base de données JSON IndexedDB initialisée @ webpack-internal:///(app-pages-browser)/./src/lib/client-engine/json-store.ts:50
[    3609ms] [LOG] [JsonStore] Base de données JSON IndexedDB initialisée @ webpack-internal:///(app-pages-browser)/./src/lib/client-engine/json-store.ts:50
[    3609ms] [LOG] [JsonStore] Base de données JSON IndexedDB initialisée @ webpack-internal:///(app-pages-browser)/./src/lib/client-engine/json-store.ts:50
[    3609ms] [LOG] [ClientEngine] Initialisation terminée: {sqlite: true, vectorStore: true, jsonStore: true} @ webpack-internal:///(app-pages-browser)/./src/lib/client-engine/index.ts:77
[    3610ms] [LOG] [ClientEngine] Initialisation terminée: {sqlite: true, vectorStore: true, jsonStore: true} @ webpack-internal:///(app-pages-browser)/./src/lib/client-engine/index.ts:77
[    3610ms] [LOG] [ClientEngine] Initialisation terminée: {sqlite: true, vectorStore: true, jsonStore: true} @ webpack-internal:///(app-pages-browser)/./src/lib/client-engine/index.ts:77
[    3610ms] [LOG] [ClientEngine] Initialisation terminée: {sqlite: true, vectorStore: true, jsonStore: true} @ webpack-internal:///(app-pages-browser)/./src/lib/client-engine/index.ts:77
[    3638ms] [LOG] [StructureBDD] local tree loaded {count: 0} @ webpack-internal:///(app-pages-browser)/./src/app/(dashboard)/structure-bdd/page.tsx:518
[    3638ms] [LOG] [StructureBDD] local tree loaded {count: 0} @ webpack-internal:///(app-pages-browser)/./src/app/(dashboard)/structure-bdd/page.tsx:518
[    3638ms] [LOG] [StructureBDD] local tree loaded {count: 0} @ webpack-internal:///(app-pages-browser)/./src/app/(dashboard)/structure-bdd/page.tsx:518
[    3639ms] [LOG] [StructureBDD] local tree loaded {count: 0} @ webpack-internal:///(app-pages-browser)/./src/app/(dashboard)/structure-bdd/page.tsx:518
[    3640ms] [LOG] [StructureBDD] vector docs loaded {count: 0} @ webpack-internal:///(app-pages-browser)/./src/app/(dashboard)/structure-bdd/page.tsx:542
[    3641ms] [LOG] [StructureBDD] vector docs loaded {count: 0} @ webpack-internal:///(app-pages-browser)/./src/app/(dashboard)/structure-bdd/page.tsx:542
[    3641ms] [LOG] [StructureBDD] vector docs loaded {count: 0} @ webpack-internal:///(app-pages-browser)/./src/app/(dashboard)/structure-bdd/page.tsx:542
[    3642ms] [LOG] [StructureBDD] vector docs loaded {count: 0} @ webpack-internal:///(app-pages-browser)/./src/app/(dashboard)/structure-bdd/page.tsx:542
[    3644ms] [LOG] [StructureBDD] render loading @ webpack-internal:///(app-pages-browser)/./src/app/(dashboard)/structure-bdd/page.tsx:1667
[    3645ms] [LOG] [StructureBDD] render loading @ webpack-internal:///(app-pages-browser)/./src/app/(dashboard)/structure-bdd/page.tsx:1667
[    3647ms] [LOG] [StructureBDD] vector tree loaded {count: 0} @ webpack-internal:///(app-pages-browser)/./src/app/(dashboard)/structure-bdd/page.tsx:556
[    3648ms] [LOG] [StructureBDD] vector tree loaded {count: 0} @ webpack-internal:///(app-pages-browser)/./src/app/(dashboard)/structure-bdd/page.tsx:556
[    3648ms] [LOG] [StructureBDD] vector tree loaded {count: 0} @ webpack-internal:///(app-pages-browser)/./src/app/(dashboard)/structure-bdd/page.tsx:556
[    3649ms] [LOG] [StructureBDD] vector tree loaded {count: 0} @ webpack-internal:///(app-pages-browser)/./src/app/(dashboard)/structure-bdd/page.tsx:556
[    3651ms] [LOG] [StructureBDD] render loading @ webpack-internal:///(app-pages-browser)/./src/app/(dashboard)/structure-bdd/page.tsx:1667
[    3652ms] [LOG] [StructureBDD] render loading @ webpack-internal:///(app-pages-browser)/./src/app/(dashboard)/structure-bdd/page.tsx:1667
[    6869ms] [LOG] [StructureBDD] /api/images/tree status 200 @ webpack-internal:///(app-pages-browser)/./src/app/(dashboard)/structure-bdd/page.tsx:583
[    6870ms] [LOG] [StructureBDD] image tree loaded {count: 2} @ webpack-internal:///(app-pages-browser)/./src/app/(dashboard)/structure-bdd/page.tsx:588
[    6938ms] [LOG] [StructureBDD] /api/tree status 200 @ webpack-internal:///(app-pages-browser)/./src/app/(dashboard)/structure-bdd/page.tsx:497
[    6940ms] [LOG] [StructureBDD] web tree loaded {count: 7} @ webpack-internal:///(app-pages-browser)/./src/app/(dashboard)/structure-bdd/page.tsx:505
[    9490ms] [LOG] [StructureBDD] /api/images/tree status 200 @ webpack-internal:///(app-pages-browser)/./src/app/(dashboard)/structure-bdd/page.tsx:583
[    9491ms] [LOG] [StructureBDD] image tree loaded {count: 2} @ webpack-internal:///(app-pages-browser)/./src/app/(dashboard)/structure-bdd/page.tsx:588
[    9542ms] [LOG] [StructureBDD] /api/tree status 200 @ webpack-internal:///(app-pages-browser)/./src/app/(dashboard)/structure-bdd/page.tsx:497
[    9544ms] [LOG] [StructureBDD] web tree loaded {count: 7} @ webpack-internal:///(app-pages-browser)/./src/app/(dashboard)/structure-bdd/page.tsx:505
[   10331ms] [LOG] [StructureBDD] /api/tree status 200 @ webpack-internal:///(app-pages-browser)/./src/app/(dashboard)/structure-bdd/page.tsx:497
[   10333ms] [LOG] [StructureBDD] web tree loaded {count: 7} @ webpack-internal:///(app-pages-browser)/./src/app/(dashboard)/structure-bdd/page.tsx:505
[   10335ms] [LOG] [StructureBDD] render loading @ webpack-internal:///(app-pages-browser)/./src/app/(dashboard)/structure-bdd/page.tsx:1667
[   10336ms] [LOG] [StructureBDD] render loading @ webpack-internal:///(app-pages-browser)/./src/app/(dashboard)/structure-bdd/page.tsx:1667
[   10362ms] [LOG] [StructureBDD] /api/images/tree status 200 @ webpack-internal:///(app-pages-browser)/./src/app/(dashboard)/structure-bdd/page.tsx:583
[   10363ms] [LOG] [StructureBDD] image tree loaded {count: 2} @ webpack-internal:///(app-pages-browser)/./src/app/(dashboard)/structure-bdd/page.tsx:588
[   10365ms] [LOG] [StructureBDD] render loading @ webpack-internal:///(app-pages-browser)/./src/app/(dashboard)/structure-bdd/page.tsx:1667
[   10365ms] [LOG] [StructureBDD] render loading @ webpack-internal:///(app-pages-browser)/./src/app/(dashboard)/structure-bdd/page.tsx:1667
[   10800ms] [LOG] [StructureBDD] /api/tree status 200 @ webpack-internal:///(app-pages-browser)/./src/app/(dashboard)/structure-bdd/page.tsx:497
[   10803ms] [LOG] [StructureBDD] web tree loaded {count: 7} @ webpack-internal:///(app-pages-browser)/./src/app/(dashboard)/structure-bdd/page.tsx:505
[   10804ms] [LOG] [StructureBDD] render loading @ webpack-internal:///(app-pages-browser)/./src/app/(dashboard)/structure-bdd/page.tsx:1667
[   10805ms] [LOG] [StructureBDD] render loading @ webpack-internal:///(app-pages-browser)/./src/app/(dashboard)/structure-bdd/page.tsx:1667
[   10840ms] [LOG] [StructureBDD] /api/images/tree status 200 @ webpack-internal:///(app-pages-browser)/./src/app/(dashboard)/structure-bdd/page.tsx:583
[   10840ms] [LOG] [StructureBDD] image tree loaded {count: 2} @ webpack-internal:///(app-pages-browser)/./src/app/(dashboard)/structure-bdd/page.tsx:588
[   10843ms] [LOG] [StructureBDD] render loading @ webpack-internal:///(app-pages-browser)/./src/app/(dashboard)/structure-bdd/page.tsx:1667
[   10843ms] [LOG] [StructureBDD] render loading @ webpack-internal:///(app-pages-browser)/./src/app/(dashboard)/structure-bdd/page.tsx:1667
[   10926ms] [LOG] [StructureBDD] render result {web: 7, local: 0, vector: 0, images: 2, webError: false} @ webpack-internal:///(app-pages-browser)/./src/app/(dashboard)/structure-bdd/page.tsx:1684
[   10928ms] [LOG] [StructureBDD] render result {web: 7, local: 0, vector: 0, images: 2, webError: false} @ webpack-internal:///(app-pages-browser)/./src/app/(dashboard)/structure-bdd/page.tsx:1684
[   11145ms] [LOG] [StructureBDD] render result {web: 7, local: 0, vector: 0, images: 2, webError: false} @ webpack-internal:///(app-pages-browser)/./src/app/(dashboard)/structure-bdd/page.tsx:1684
[   11146ms] [LOG] [StructureBDD] render result {web: 7, local: 0, vector: 0, images: 2, webError: false} @ webpack-internal:///(app-pages-browser)/./src/app/(dashboard)/structure-bdd/page.tsx:1684
[   57571ms] [LOG] [StructureBDD] render result {web: 7, local: 0, vector: 0, images: 2, webError: false} @ webpack-internal:///(app-pages-browser)/./src/app/(dashboard)/structure-bdd/page.tsx:1684
[   57572ms] [LOG] [StructureBDD] render result {web: 7, local: 0, vector: 0, images: 2, webError: false} @ webpack-internal:///(app-pages-browser)/./src/app/(dashboard)/structure-bdd/page.tsx:1684
[  126647ms] [LOG] [StructureBDD] render result {web: 7, local: 0, vector: 0, images: 2, webError: false} @ webpack-internal:///(app-pages-browser)/./src/app/(dashboard)/structure-bdd/page.tsx:1684
[  126648ms] [LOG] [StructureBDD] render result {web: 7, local: 0, vector: 0, images: 2, webError: false} @ webpack-internal:///(app-pages-browser)/./src/app/(dashboard)/structure-bdd/page.tsx:1684
[  128322ms] [LOG] [StructureBDD] render result {web: 7, local: 0, vector: 0, images: 2, webError: false} @ webpack-internal:///(app-pages-browser)/./src/app/(dashboard)/structure-bdd/page.tsx:1684
[  128324ms] [LOG] [StructureBDD] render result {web: 7, local: 0, vector: 0, images: 2, webError: false} @ webpack-internal:///(app-pages-browser)/./src/app/(dashboard)/structure-bdd/page.tsx:1684
[  174233ms] [LOG] [Fast Refresh] rebuilding @ webpack-internal:///(app-pages-browser)/./node_modules/next/dist/client/components/react-dev-overlay/app/hot-reloader-client.js:186
[  177169ms] [LOG] [Fast Refresh] rebuilding @ webpack-internal:///(app-pages-browser)/./node_modules/next/dist/client/components/react-dev-overlay/app/hot-reloader-client.js:186
[  178101ms] [LOG] [StructureBDD] render result {web: 7, local: 0, vector: 0, images: 2, webError: false} @ webpack-internal:///(app-pages-browser)/./src/app/(dashboard)/structure-bdd/page.tsx:1685
[  178103ms] [LOG] [StructureBDD] render result {web: 7, local: 0, vector: 0, images: 2, webError: false} @ webpack-internal:///(app-pages-browser)/./src/app/(dashboard)/structure-bdd/page.tsx:1685
[  178122ms] [LOG] [StructureBDD] mount @ webpack-internal:///(app-pages-browser)/./src/app/(dashboard)/structure-bdd/page.tsx:620
[  178123ms] [LOG] [StructureBDD] loadTrees start @ webpack-internal:///(app-pages-browser)/./src/app/(dashboard)/structure-bdd/page.tsx:489
[  178144ms] [LOG] [Fast Refresh] done in 975ms @ webpack-internal:///(app-pages-browser)/./node_modules/next/dist/client/components/react-dev-overlay/app/hot-reloader-client.js:43
[  178146ms] [LOG] [StructureBDD] local tree loaded {count: 0} @ webpack-internal:///(app-pages-browser)/./src/app/(dashboard)/structure-bdd/page.tsx:518
[  178149ms] [LOG] [StructureBDD] render loading @ webpack-internal:///(app-pages-browser)/./src/app/(dashboard)/structure-bdd/page.tsx:1668
[  178149ms] [LOG] [StructureBDD] render loading @ webpack-internal:///(app-pages-browser)/./src/app/(dashboard)/structure-bdd/page.tsx:1668
[  178161ms] [LOG] [StructureBDD] vector docs loaded {count: 0} @ webpack-internal:///(app-pages-browser)/./src/app/(dashboard)/structure-bdd/page.tsx:542
[  178164ms] [LOG] [StructureBDD] render loading @ webpack-internal:///(app-pages-browser)/./src/app/(dashboard)/structure-bdd/page.tsx:1668
[  178164ms] [LOG] [StructureBDD] render loading @ webpack-internal:///(app-pages-browser)/./src/app/(dashboard)/structure-bdd/page.tsx:1668
[  178166ms] [LOG] [StructureBDD] vector tree loaded {count: 0} @ webpack-internal:///(app-pages-browser)/./src/app/(dashboard)/structure-bdd/page.tsx:556
[  178169ms] [LOG] [StructureBDD] render loading @ webpack-internal:///(app-pages-browser)/./src/app/(dashboard)/structure-bdd/page.tsx:1668
[  178170ms] [LOG] [StructureBDD] render loading @ webpack-internal:///(app-pages-browser)/./src/app/(dashboard)/structure-bdd/page.tsx:1668
[  180068ms] [LOG] [StructureBDD] /api/images/tree status 200 @ webpack-internal:///(app-pages-browser)/./src/app/(dashboard)/structure-bdd/page.tsx:583
[  180069ms] [LOG] [StructureBDD] image tree loaded {count: 2} @ webpack-internal:///(app-pages-browser)/./src/app/(dashboard)/structure-bdd/page.tsx:588
[  180070ms] [LOG] [StructureBDD] render loading @ webpack-internal:///(app-pages-browser)/./src/app/(dashboard)/structure-bdd/page.tsx:1668
[  180070ms] [LOG] [StructureBDD] render loading @ webpack-internal:///(app-pages-browser)/./src/app/(dashboard)/structure-bdd/page.tsx:1668
[  180234ms] [LOG] [StructureBDD] /api/tree status 200 @ webpack-internal:///(app-pages-browser)/./src/app/(dashboard)/structure-bdd/page.tsx:497
[  180236ms] [LOG] [StructureBDD] web tree loaded {count: 7} @ webpack-internal:///(app-pages-browser)/./src/app/(dashboard)/structure-bdd/page.tsx:505
[  180239ms] [LOG] [StructureBDD] render loading @ webpack-internal:///(app-pages-browser)/./src/app/(dashboard)/structure-bdd/page.tsx:1668
[  180240ms] [LOG] [StructureBDD] render loading @ webpack-internal:///(app-pages-browser)/./src/app/(dashboard)/structure-bdd/page.tsx:1668
[  180245ms] [LOG] [Fast Refresh] done in 3076ms @ webpack-internal:///(app-pages-browser)/./node_modules/next/dist/client/components/react-dev-overlay/app/hot-reloader-client.js:43
[  180280ms] [LOG] [StructureBDD] render loading @ webpack-internal:///(app-pages-browser)/./src/app/(dashboard)/structure-bdd/page.tsx:1668
[  180280ms] [LOG] [StructureBDD] render loading @ webpack-internal:///(app-pages-browser)/./src/app/(dashboard)/structure-bdd/page.tsx:1668
[  181417ms] [LOG] [StructureBDD] render result {web: 7, local: 0, vector: 0, images: 2, webError: false} @ webpack-internal:///(app-pages-browser)/./src/app/(dashboard)/structure-bdd/page.tsx:1685
[  181418ms] [LOG] [StructureBDD] render result {web: 7, local: 0, vector: 0, images: 2, webError: false} @ webpack-internal:///(app-pages-browser)/./src/app/(dashboard)/structure-bdd/page.tsx:1685
[  244904ms] [LOG] [StructureBDD] render result {web: 7, local: 0, vector: 0, images: 2, webError: false} @ webpack-internal:///(app-pages-browser)/./src/app/(dashboard)/structure-bdd/page.tsx:1685
[  244904ms] [LOG] [StructureBDD] render result {web: 7, local: 0, vector: 0, images: 2, webError: false} @ webpack-internal:///(app-pages-browser)/./src/app/(dashboard)/structure-bdd/page.tsx:1685
[  245204ms] [LOG] [StructureBDD] render result {web: 7, local: 0, vector: 0, images: 2, webError: false} @ webpack-internal:///(app-pages-browser)/./src/app/(dashboard)/structure-bdd/page.tsx:1685
[  245205ms] [LOG] [StructureBDD] render result {web: 7, local: 0, vector: 0, images: 2, webError: false} @ webpack-internal:///(app-pages-browser)/./src/app/(dashboard)/structure-bdd/page.tsx:1685
[  279672ms] [LOG] [StructureBDD] render result {web: 7, local: 0, vector: 0, images: 2, webError: false} @ webpack-internal:///(app-pages-browser)/./src/app/(dashboard)/structure-bdd/page.tsx:1685
[  279673ms] [LOG] [StructureBDD] render result {web: 7, local: 0, vector: 0, images: 2, webError: false} @ webpack-internal:///(app-pages-browser)/./src/app/(dashboard)/structure-bdd/page.tsx:1685
[  316016ms] [LOG] [StructureBDD] render result {web: 7, local: 0, vector: 0, images: 2, webError: false} @ webpack-internal:///(app-pages-browser)/./src/app/(dashboard)/structure-bdd/page.tsx:1685
[  316017ms] [LOG] [StructureBDD] render result {web: 7, local: 0, vector: 0, images: 2, webError: false} @ webpack-internal:///(app-pages-browser)/./src/app/(dashboard)/structure-bdd/page.tsx:1685
[  352435ms] [LOG] [StructureBDD] render result {web: 7, local: 0, vector: 0, images: 2, webError: false} @ webpack-internal:///(app-pages-browser)/./src/app/(dashboard)/structure-bdd/page.tsx:1685
[  352436ms] [LOG] [StructureBDD] render result {web: 7, local: 0, vector: 0, images: 2, webError: false} @ webpack-internal:///(app-pages-browser)/./src/app/(dashboard)/structure-bdd/page.tsx:1685
[  352477ms] [ERROR] Failed to load resource: the server responded with a status of 403 (Forbidden) @ http://localhost:3000/api/images/media_1787360444158_jrb3vyx:0
[  352478ms] [LOG] [StructureBDD] render result {web: 7, local: 0, vector: 0, images: 2, webError: false} @ webpack-internal:///(app-pages-browser)/./src/app/(dashboard)/structure-bdd/page.tsx:1685
[  352479ms] [LOG] [StructureBDD] render result {web: 7, local: 0, vector: 0, images: 2, webError: false} @ webpack-internal:///(app-pages-browser)/./src/app/(dashboard)/structure-bdd/page.tsx:1685
